WARNING: A restricted method in java.lang.System has been called
WARNING: java.lang.System::load has been called by net.rubygrapefruit.platform.internal.NativeLibraryLoader in an unnamed module (file:/Users/jasonjones/.gradle/wrapper/dists/gradle-9.2.0-bin/11i5gvueggl8a5cioxuftxrik/gradle-9.2.0/lib/native-platform-0.22-milestone-29.jar)
WARNING: Use --enable-native-access=ALL-UNNAMED to avoid a warning for callers in this module
WARNING: Restricted methods will be blocked in a future release unless native access is enabled

> Task :compileJava UP-TO-DATE

> Task :buildFrontend

> greenhouse-frontend@0.0.0 build
> tsc && vite build

vite v5.4.21 building for production...
transforming...
✓ 2504 modules transformed.
rendering chunks...
computing gzip size...
dist/index.html                   0.52 kB │ gzip:   0.34 kB
dist/assets/index-D-Ncpkvi.css   22.03 kB │ gzip:   3.51 kB
dist/assets/index-Bd4PiE20.js   542.90 kB │ gzip: 168.65 kB

(!) Some chunks are larger than 500 kB after minification. Consider:
- Using dynamic import() to code-split the application
- Use build.rollupOptions.output.manualChunks to improve chunking: https://rollupjs.org/configuration-options/#output-manualchunks
- Adjust chunk size limit for this warning via build.chunkSizeWarningLimit.
✓ built in 1.11s

> Task :copyFrontend UP-TO-DATE
> Task :processResources
> Task :classes
> Task :resolveMainClassName

> Task :bootRun

  .   ____          _            __ _ _
 /\\ / ___'_ __ _ _(_)_ __  __ _ \ \ \ \
( ( )\___ | '_ | '_| | '_ \/ _` | \ \ \ \
 \\/  ___)| |_)| | | | | || (_| |  ) ) ) )
  '  |____| .__|_| |_|_| |_\__, | / / / /
 =========|_|==============|___/=/_/_/_/

 :: Spring Boot ::                (v3.4.1)

2026-02-17T22:18:03.476-05:00  INFO 55710 --- [greenhouse] [           main] org.dined.dined.Main                     : Starting Main using Java 21.0.9 with PID 55710 (/Users/jasonjones/IdeaProjects/greenhouse/build/classes/java/main started by jasonjones in /Users/jasonjones/IdeaProjects/greenhouse)
2026-02-17T22:18:03.478-05:00  INFO 55710 --- [greenhouse] [           main] org.dined.dined.Main                     : No active profile set, falling back to 1 default profile: "default"
2026-02-17T22:18:03.698-05:00  INFO 55710 --- [greenhouse] [           main] .s.d.r.c.RepositoryConfigurationDelegate : Bootstrapping Spring Data JPA repositories in DEFAULT mode.
2026-02-17T22:18:03.716-05:00  INFO 55710 --- [greenhouse] [           main] .s.d.r.c.RepositoryConfigurationDelegate : Finished Spring Data repository scanning in 15 ms. Found 4 JPA repository interfaces.
2026-02-17T22:18:03.869-05:00  INFO 55710 --- [greenhouse] [           main] o.s.b.w.embedded.tomcat.TomcatWebServer  : Tomcat initialized with port 8080 (http)
2026-02-17T22:18:03.874-05:00  INFO 55710 --- [greenhouse] [           main] o.apache.catalina.core.StandardService   : Starting service [Tomcat]
2026-02-17T22:18:03.874-05:00  INFO 55710 --- [greenhouse] [           main] o.apache.catalina.core.StandardEngine    : Starting Servlet engine: [Apache Tomcat/10.1.34]
2026-02-17T22:18:03.893-05:00  INFO 55710 --- [greenhouse] [           main] o.a.c.c.C.[Tomcat].[localhost].[/]       : Initializing Spring embedded WebApplicationContext
2026-02-17T22:18:03.893-05:00  INFO 55710 --- [greenhouse] [           main] w.s.c.ServletWebServerApplicationContext : Root WebApplicationContext: initialization completed in 400 ms
2026-02-17T22:18:03.944-05:00  INFO 55710 --- [greenhouse] [           main] o.hibernate.jpa.internal.util.LogHelper  : HHH000204: Processing PersistenceUnitInfo [name: default]
2026-02-17T22:18:03.966-05:00  INFO 55710 --- [greenhouse] [           main] org.hibernate.Version                    : HHH000412: Hibernate ORM core version 6.6.4.Final
2026-02-17T22:18:03.976-05:00  INFO 55710 --- [greenhouse] [           main] o.h.c.internal.RegionFactoryInitiator    : HHH000026: Second-level cache disabled
2026-02-17T22:18:04.064-05:00  INFO 55710 --- [greenhouse] [           main] o.s.o.j.p.SpringPersistenceUnitInfo      : No LoadTimeWeaver setup: ignoring JPA class transformer
2026-02-17T22:18:04.073-05:00  INFO 55710 --- [greenhouse] [           main] com.zaxxer.hikari.HikariDataSource       : HikariPool-1 - Starting...
2026-02-17T22:18:04.249-05:00  INFO 55710 --- [greenhouse] [           main] com.zaxxer.hikari.pool.HikariPool        : HikariPool-1 - Added connection org.sqlite.jdbc4.JDBC4Connection@537b3b2e
2026-02-17T22:18:04.249-05:00  INFO 55710 --- [greenhouse] [           main] com.zaxxer.hikari.HikariDataSource       : HikariPool-1 - Start completed.
2026-02-17T22:18:04.263-05:00  INFO 55710 --- [greenhouse] [           main] org.hibernate.orm.connections.pooling    : HHH10001005: Database info:
	Database JDBC URL [Connecting through datasource 'HikariDataSource (HikariPool-1)']
	Database driver: undefined/unknown
	Database version: 3.47.1
	Autocommit mode: undefined/unknown
	Isolation level: undefined/unknown
	Minimum pool size: undefined/unknown
	Maximum pool size: undefined/unknown
2026-02-17T22:18:04.555-05:00  INFO 55710 --- [greenhouse] [           main] o.h.e.t.j.p.i.JtaPlatformInitiator       : HHH000489: No JTA platform available (set 'hibernate.transaction.jta.platform' to enable JTA platform integration)
2026-02-17T22:18:04.565-05:00  INFO 55710 --- [greenhouse] [           main] j.LocalContainerEntityManagerFactoryBean : Initialized JPA EntityManagerFactory for persistence unit 'default'
2026-02-17T22:18:04.650-05:00  INFO 55710 --- [greenhouse] [           main] o.s.d.j.r.query.QueryEnhancerFactory     : Hibernate is in classpath; If applicable, HQL parser will be used.
>> Checking for legacy data migrations...
2026-02-17T22:18:04.974-05:00 DEBUG 55710 --- [greenhouse] [           main] org.hibernate.SQL                        : select p1_0.id,p1_0.cutting_date,p1_0.good_for_terrariums,p1_0.guid,p1_0.image_path,p1_0.last_watered_date,p1_0.location,p1_0.name,p1_0.next_water_date,p1_0.original_purchase_price,p1_0.parent_id,p1_0.plant_type_id,p1_0.price,p1_0.rotation,p1_0.sold_date,p1_0.status,p1_0.total_propagation_time,p1_0.watering_frequency_days from plant p1_0
Hibernate: select p1_0.id,p1_0.cutting_date,p1_0.good_for_terrariums,p1_0.guid,p1_0.image_path,p1_0.last_watered_date,p1_0.location,p1_0.name,p1_0.next_water_date,p1_0.original_purchase_price,p1_0.parent_id,p1_0.plant_type_id,p1_0.price,p1_0.rotation,p1_0.sold_date,p1_0.status,p1_0.total_propagation_time,p1_0.watering_frequency_days from plant p1_0
2026-02-17T22:18:04.983-05:00 DEBUG 55710 --- [greenhouse] [           main] org.hibernate.SQL                        : select pt1_0.id,pt1_0.care_instructions,pt1_0.default_watering_frequency_days,pt1_0.name,pt1_0.other_names,pt1_0.pet_toxicity,pt1_0.propagation_instructions,pt1_0.scientific_name from plant_type pt1_0 where pt1_0.id=?
Hibernate: select pt1_0.id,pt1_0.care_instructions,pt1_0.default_watering_frequency_days,pt1_0.name,pt1_0.other_names,pt1_0.pet_toxicity,pt1_0.propagation_instructions,pt1_0.scientific_name from plant_type pt1_0 where pt1_0.id=?
2026-02-17T22:18:04.987-05:00 DEBUG 55710 --- [greenhouse] [           main] org.hibernate.SQL                        : select pt1_0.id,pt1_0.care_instructions,pt1_0.default_watering_frequency_days,pt1_0.name,pt1_0.other_names,pt1_0.pet_toxicity,pt1_0.propagation_instructions,pt1_0.scientific_name from plant_type pt1_0 where pt1_0.id=?
Hibernate: select pt1_0.id,pt1_0.care_instructions,pt1_0.default_watering_frequency_days,pt1_0.name,pt1_0.other_names,pt1_0.pet_toxicity,pt1_0.propagation_instructions,pt1_0.scientific_name from plant_type pt1_0 where pt1_0.id=?
2026-02-17T22:18:04.988-05:00 DEBUG 55710 --- [greenhouse] [           main] org.hibernate.SQL                        : select pt1_0.id,pt1_0.care_instructions,pt1_0.default_watering_frequency_days,pt1_0.name,pt1_0.other_names,pt1_0.pet_toxicity,pt1_0.propagation_instructions,pt1_0.scientific_name from plant_type pt1_0 where pt1_0.id=?
Hibernate: select pt1_0.id,pt1_0.care_instructions,pt1_0.default_watering_frequency_days,pt1_0.name,pt1_0.other_names,pt1_0.pet_toxicity,pt1_0.propagation_instructions,pt1_0.scientific_name from plant_type pt1_0 where pt1_0.id=?
2026-02-17T22:18:04.988-05:00 DEBUG 55710 --- [greenhouse] [           main] org.hibernate.SQL                        : select pt1_0.id,pt1_0.care_instructions,pt1_0.default_watering_frequency_days,pt1_0.name,pt1_0.other_names,pt1_0.pet_toxicity,pt1_0.propagation_instructions,pt1_0.scientific_name from plant_type pt1_0 where pt1_0.id=?
Hibernate: select pt1_0.id,pt1_0.care_instructions,pt1_0.default_watering_frequency_days,pt1_0.name,pt1_0.other_names,pt1_0.pet_toxicity,pt1_0.propagation_instructions,pt1_0.scientific_name from plant_type pt1_0 where pt1_0.id=?
>> Data migration complete.
2026-02-17T22:18:05.008-05:00  WARN 55710 --- [greenhouse] [           main] JpaBaseConfiguration$JpaWebConfiguration : spring.jpa.open-in-view is enabled by default. Therefore, database queries may be performed during view rendering. Explicitly configure spring.jpa.open-in-view to disable this warning
2026-02-17T22:18:05.015-05:00  INFO 55710 --- [greenhouse] [           main] o.s.b.a.w.s.WelcomePageHandlerMapping    : Adding welcome page: class path resource [static/index.html]
2026-02-17T22:18:05.036-05:00 DEBUG 55710 --- [greenhouse] [           main] s.w.s.m.m.a.RequestMappingHandlerMapping : 21 mappings in 'requestMappingHandlerMapping'
2026-02-17T22:18:05.060-05:00 DEBUG 55710 --- [greenhouse] [           main] o.s.w.s.handler.SimpleUrlHandlerMapping  : Patterns [/webjars/**, /**, /uploads/**] in 'resourceHandlerMapping'
2026-02-17T22:18:05.069-05:00 DEBUG 55710 --- [greenhouse] [           main] s.w.s.m.m.a.RequestMappingHandlerAdapter : ControllerAdvice beans: 0 @ModelAttribute, 0 @InitBinder, 1 RequestBodyAdvice, 1 ResponseBodyAdvice
2026-02-17T22:18:05.084-05:00 DEBUG 55710 --- [greenhouse] [           main] .m.m.a.ExceptionHandlerExceptionResolver : ControllerAdvice beans: 0 @ExceptionHandler, 1 ResponseBodyAdvice
2026-02-17T22:18:05.118-05:00  INFO 55710 --- [greenhouse] [           main] o.s.b.w.embedded.tomcat.TomcatWebServer  : Tomcat started on port 8080 (http) with context path '/'
2026-02-17T22:18:05.122-05:00  INFO 55710 --- [greenhouse] [           main] org.dined.dined.Main                     : Started Main in 1.789 seconds (process running for 1.941)
Running scheduled plant status check...
2026-02-17T22:18:05.124-05:00 DEBUG 55710 --- [greenhouse] [   scheduling-1] org.hibernate.SQL                        : select p1_0.id,p1_0.cutting_date,p1_0.good_for_terrariums,p1_0.guid,p1_0.image_path,p1_0.last_watered_date,p1_0.location,p1_0.name,p1_0.next_water_date,p1_0.original_purchase_price,p1_0.parent_id,p1_0.plant_type_id,p1_0.price,p1_0.rotation,p1_0.sold_date,p1_0.status,p1_0.total_propagation_time,p1_0.watering_frequency_days from plant p1_0
Hibernate: select p1_0.id,p1_0.cutting_date,p1_0.good_for_terrariums,p1_0.guid,p1_0.image_path,p1_0.last_watered_date,p1_0.location,p1_0.name,p1_0.next_water_date,p1_0.original_purchase_price,p1_0.parent_id,p1_0.plant_type_id,p1_0.price,p1_0.rotation,p1_0.sold_date,p1_0.status,p1_0.total_propagation_time,p1_0.watering_frequency_days from plant p1_0
2026-02-17T22:18:05.124-05:00 DEBUG 55710 --- [greenhouse] [   scheduling-1] org.hibernate.SQL                        : select pt1_0.id,pt1_0.care_instructions,pt1_0.default_watering_frequency_days,pt1_0.name,pt1_0.other_names,pt1_0.pet_toxicity,pt1_0.propagation_instructions,pt1_0.scientific_name from plant_type pt1_0 where pt1_0.id=?
Hibernate: select pt1_0.id,pt1_0.care_instructions,pt1_0.default_watering_frequency_days,pt1_0.name,pt1_0.other_names,pt1_0.pet_toxicity,pt1_0.propagation_instructions,pt1_0.scientific_name from plant_type pt1_0 where pt1_0.id=?
2026-02-17T22:18:05.126-05:00 DEBUG 55710 --- [greenhouse] [   scheduling-1] org.hibernate.SQL                        : select pt1_0.id,pt1_0.care_instructions,pt1_0.default_watering_frequency_days,pt1_0.name,pt1_0.other_names,pt1_0.pet_toxicity,pt1_0.propagation_instructions,pt1_0.scientific_name from plant_type pt1_0 where pt1_0.id=?
Hibernate: select pt1_0.id,pt1_0.care_instructions,pt1_0.default_watering_frequency_days,pt1_0.name,pt1_0.other_names,pt1_0.pet_toxicity,pt1_0.propagation_instructions,pt1_0.scientific_name from plant_type pt1_0 where pt1_0.id=?
2026-02-17T22:18:05.126-05:00 DEBUG 55710 --- [greenhouse] [   scheduling-1] org.hibernate.SQL                        : select pt1_0.id,pt1_0.care_instructions,pt1_0.default_watering_frequency_days,pt1_0.name,pt1_0.other_names,pt1_0.pet_toxicity,pt1_0.propagation_instructions,pt1_0.scientific_name from plant_type pt1_0 where pt1_0.id=?
Hibernate: select pt1_0.id,pt1_0.care_instructions,pt1_0.default_watering_frequency_days,pt1_0.name,pt1_0.other_names,pt1_0.pet_toxicity,pt1_0.propagation_instructions,pt1_0.scientific_name from plant_type pt1_0 where pt1_0.id=?
2026-02-17T22:18:05.127-05:00 DEBUG 55710 --- [greenhouse] [   scheduling-1] org.hibernate.SQL                        : select pt1_0.id,pt1_0.care_instructions,pt1_0.default_watering_frequency_days,pt1_0.name,pt1_0.other_names,pt1_0.pet_toxicity,pt1_0.propagation_instructions,pt1_0.scientific_name from plant_type pt1_0 where pt1_0.id=?
Hibernate: select pt1_0.id,pt1_0.care_instructions,pt1_0.default_watering_frequency_days,pt1_0.name,pt1_0.other_names,pt1_0.pet_toxicity,pt1_0.propagation_instructions,pt1_0.scientific_name from plant_type pt1_0 where pt1_0.id=?
Plant status check complete.
